Microchip MPLAB XC8 Compiler V2.40

Linker command line:

-W-3 \
  --edf=C:\Program Files\Microchip\xc8\v2.40\pic\dat\20220703182018_en.msgs \
  -cn -h+dist/default/production\Libreria_DIsplay_7SEG_AC.X.production.sym \
  --cmf=dist/default/production\Libreria_DIsplay_7SEG_AC.X.production.cmf \
  -z -Q18F4550 -oC:\Users\MARCOB~1\AppData\Local\Temp\xcAs9q0.4 \
  --defsym=__MPLAB_BUILD=1 --fixupoverflow=error \
  -Mdist/default/production/Libreria_DIsplay_7SEG_AC.X.production.map \
  --md=C:\Users\MARCOB~1\AppData\Local\Temp\xcAs9q0.dat -E1 \
  -ver=XC8 Compiler --acfsm=1493 -ACODE=00h-07FFFh -ACONST=00h-07FFFh \
  -ASMALLCONST=0800h-08FFhx120 -AMEDIUMCONST=0800h-07FFFh -ACOMRAM=01h-05Fh \
  -AABS1=00h-07FFh -ABIGRAM=01h-07FFh -ARAM=060h-0FFh,0100h-01FFhx7 \
  -ABANK0=060h-0FFh -ABANK1=0100h-01FFh -ABANK2=0200h-02FFh \
  -ABANK3=0300h-03FFh -ABANK4=0400h-04FFh -ABANK5=0500h-05FFh \
  -ABANK6=0600h-06FFh -ABANK7=0700h-07FFh -ASFR=0F60h-0FFFh \
  -ABIGSFR=0F60h-0FFFh -ACONFIG=0300000h-030000Dh -AIDLOC=0200000h-0200007h \
  -AEEDATA=0F00000h-0F000FFh -peeprom_data=EEDATA \
  -preset_vec=00h,intcode,intcodelo,powerup,init -pramtop=0800h \
  -psmallconst=SMALLCONST -pmediumconst=MEDIUMCONST -pconst=CONST \
  -AFARRAM=00h-00h \
  -prdata=COMRAM,nvrram=COMRAM,nvbit=COMRAM,rbss=COMRAM,rbit=COMRAM \
  -pfarbss=FARRAM,fardata=FARRAM,nvFARRAM=FARRAM \
  -pintsave_regs=BIGRAM,bigbss=BIGRAM,bigdata=BIGRAM -pbss=RAM \
  -pidata=CODE,irdata=CODE,ibigdata=CODE,ifardata=CODE -prparam=COMRAM \
  C:\Users\MARCOB~1\AppData\Local\Temp\xcAs9q0.o \
  dist/default/production\Libreria_DIsplay_7SEG_AC.X.production.o 

Object code version is 3.11

Machine type is 18F4550



                Name                               Link     Load   Length Selector   Space Scale
C:\Users\MARCOB~1\AppData\Local\Temp\xcAs9q0.o
                idloc                            200000   200000        8        0       5
                config                           300000   300000        E        0       4
                init                                  0        0        4        0       0
dist/default/production\Libreria_DIsplay_7SEG_AC.X.production.o
                idloc                            200000   200000        8        0       5
                config                           300000   300000        E        0       4
                text6                              7C5A     7C5A        A     3E2D       0
                text5                              7C52     7C52        8     3E29       0
                text4                              7E16     7E16       E0     3F0B       0
                text3                              7D52     7D52       C4     3EA9       0
                text2                              7CA2     7CA2       B0     3E51       0
                text1                              7EF6     7EF6      10A     3F7B       0
                text0                              7C64     7C64       1C     3E32       0
                cstackCOMRAM                          1        1        B        1       1
                dataCOMRAM                           14       14        2        1       1
                cinit                              7C80     7C80       22     3E40       0
                nvCOMRAM                              C        C        8        1       1
                idataCOMRAM                        7C50     7C50        2     7C50       0

TOTAL           Name                               Link     Load   Length     Space
        CLASS   CODE           
                init                                  0        0        4         0
                text6                              7C5A     7C5A        A         0
                text5                              7C52     7C52        8         0
                text4                              7E16     7E16       E0         0
                text3                              7D52     7D52       C4         0
                text2                              7CA2     7CA2       B0         0
                text1                              7EF6     7EF6      10A         0
                text0                              7C64     7C64       1C         0
                cinit                              7C80     7C80       22         0
                idataCOMRAM                        7C50     7C50        2         0

        CLASS   CONST          

        CLASS   SMALLCONST     

        CLASS   MEDIUMCONST    

        CLASS   COMRAM         
                cstackCOMRAM                          1        1        B         1
                dataCOMRAM                           14       14        2         1
                nvCOMRAM                              C        C        8         1

        CLASS   ABS1           

        CLASS   BIGRAM         

        CLASS   RAM            

        CLASS   BANK0          

        CLASS   BANK1          

        CLASS   BANK2          

        CLASS   BANK3          

        CLASS   BANK4          

        CLASS   BANK5          

        CLASS   BANK6          

        CLASS   BANK7          

        CLASS   SFR            

        CLASS   BIGSFR         

        CLASS   CONFIG         
                config                           300000   300000        E         4

        CLASS   IDLOC          
                idloc                            200000   200000        8         5

        CLASS   EEDATA         

        CLASS   FARRAM         

        CLASS   HEAP           

        CLASS   STACK          



SEGMENTS        Name                           Load    Length   Top    Selector   Space  Class

                reset_vec                      000000  000004  000004         0       0  CODE    
                cstackCOMRAM                   000001  000015  000016         1       1  COMRAM  
                idataCOMRAM                    007C50  000002  007C52      7C50       0  CODE    
                text5                          007C52  000008  007C5A      3E29       0  CODE    
                text6                          007C5A  00000A  007C64      3E2D       0  CODE    
                text0                          007C64  00001C  007C80      3E32       0  CODE    
                cinit                          007C80  000022  007CA2      3E40       0  CODE    
                text2                          007CA2  0000B0  007D52      3E51       0  CODE    
                text3                          007D52  0000C4  007E16      3EA9       0  CODE    
                text4                          007E16  0000E0  007EF6      3F0B       0  CODE    
                text1                          007EF6  00010A  008000      3F7B       0  CODE    


UNUSED ADDRESS RANGES

        Name                Unused          Largest block    Delta
        BANK0            000060-0000FF               A0
        BANK1            000100-0001FF              100
        BANK2            000200-0002FF              100
        BANK3            000300-0003FF              100
        BANK4            000400-0004FF              100
        BANK5            000500-0005FF              100
        BANK6            000600-0006FF              100
        BANK7            000700-0007FF              100
        BIGRAM           000016-0007FF              7EA
        BIGSFR           000F60-000FFF               A0
        CODE             000004-007C4F             7C4C
        COMRAM           000016-00005F               4A
        CONST            000004-007C4F             7C4C
        EEDATA           F00000-F000FF              100
        MEDIUMCONST      000800-007C4F             7450
        RAM              000060-0007FF              100
        SFR              000F60-000FFF               A0
        SMALLCONST       000800-007C4F              100

                                  Symbol Table

?___awdiv                    cstackCOMRAM 000001
?___awmod                    cstackCOMRAM 000001
Clear_Port@value             cstackCOMRAM 000001
Decode_Display_AC@value      cstackCOMRAM 000004
Set_Port@value               cstackCOMRAM 000001
Show_Digits_Display@value    cstackCOMRAM 000009
_Clear_Port                  text6        007C5A
_Decode_Display_AC           text4        007E16
_Hundred                     nvCOMRAM     00000E
_LATB                        (abs)        000F8A
_LATD                        (abs)        000F8C
_Set_Port                    text5        007C52
_Show_Digits_Display         text1        007EF6
_TRISB                       (abs)        000F93
_TRISD                       (abs)        000F95
_Tens                        nvCOMRAM     000010
_Thousands                   nvCOMRAM     00000C
_Units                       nvCOMRAM     000012
__HRAM                       (abs)        000000
__Habs1                      abs1         000000
__Hbank0                     bank0        000000
__Hbank1                     bank1        000000
__Hbank2                     bank2        000000
__Hbank3                     bank3        000000
__Hbank4                     bank4        000000
__Hbank5                     bank5        000000
__Hbank6                     bank6        000000
__Hbank7                     bank7        000000
__Hbigbss                    bigbss       000000
__Hbigdata                   bigdata      000000
__Hbigram                    bigram       000000
__Hbigsfr                    bigsfr       000000
__Hbss                       bss          000000
__Hcinit                     cinit        000000
__Hclrtext                   clrtext      000000
__Hcomram                    comram       000000
__Hconfig                    config       30000E
__Hconst                     const        000000
__HcstackCOMRAM              cstackCOMRAM 000000
__Hdata                      data         000000
__HdataCOMRAM                dataCOMRAM   000000
__Heeprom_data               eeprom_data  000000
__Hfarbss                    farbss       000000
__Hfardata                   fardata      000000
__Hheap                      heap         000000
__Hibigdata                  ibigdata     000000
__Hidata                     idata        000000
__HidataCOMRAM               idataCOMRAM  000000
__Hidloc                     idloc        200008
__Hifardata                  ifardata     000000
__Hinit                      init         000004
__Hintcode                   intcode      000000
__Hintcode_body              intcode_body 000000
__Hintcodelo                 intcodelo    000000
__Hintentry                  intentry     000000
__Hintret                    intret       000000
__Hintsave_regs              intsave_regs 000000
__Hirdata                    irdata       000000
__Hmediumconst               mediumconst  000000
__HnvCOMRAM                  nvCOMRAM     000000
__HnvFARRAM                  nvFARRAM     000000
__Hnvbit                     nvbit        000000
__Hnvrram                    nvrram       000000
__Hparam                     rparam       000000
__Hpowerup                   powerup      000000
__Hram                       ram          000000
__Hramtop                    ramtop       000800
__Hrbit                      rbit         000000
__Hrbss                      rbss         000000
__Hrdata                     rdata        000000
__Hreset_vec                 reset_vec    000000
__Hrparam                    rparam       000000
__Hsfr                       sfr          000000
__Hsmallconst                smallconst   000000
__Hspace_0                   (abs)        008000
__Hspace_1                   (abs)        000016
__Hspace_2                   (abs)        000000
__Hspace_4                   (abs)        60000E
__Hstack                     stack        000000
__Hstruct                    struct       000000
__Htemp                      temp         000000
__Htext                      text         000000
__Htext0                     text0        000000
__Htext1                     text1        000000
__Htext2                     text2        000000
__Htext3                     text3        000000
__Htext4                     text4        000000
__Htext5                     text5        000000
__Htext6                     text6        000000
__LRAM                       (abs)        000001
__Labs1                      abs1         000000
__Lbank0                     bank0        000000
__Lbank1                     bank1        000000
__Lbank2                     bank2        000000
__Lbank3                     bank3        000000
__Lbank4                     bank4        000000
__Lbank5                     bank5        000000
__Lbank6                     bank6        000000
__Lbank7                     bank7        000000
__Lbigbss                    bigbss       000000
__Lbigdata                   bigdata      000000
__Lbigram                    bigram       000000
__Lbigsfr                    bigsfr       000000
__Lbss                       bss          000000
__Lcinit                     cinit        000000
__Lclrtext                   clrtext      000000
__Lcomram                    comram       000000
__Lconfig                    config       000000
__Lconst                     const        000000
__LcstackCOMRAM              cstackCOMRAM 000000
__Ldata                      data         000000
__LdataCOMRAM                dataCOMRAM   000000
__Leeprom_data               eeprom_data  000000
__Lfarbss                    farbss       000000
__Lfardata                   fardata      000000
__Lheap                      heap         000000
__Libigdata                  ibigdata     000000
__Lidata                     idata        000000
__LidataCOMRAM               idataCOMRAM  000000
__Lidloc                     idloc        000000
__Lifardata                  ifardata     000000
__Linit                      init         000000
__Lintcode                   intcode      000000
__Lintcode_body              intcode_body 000000
__Lintcodelo                 intcodelo    000000
__Lintentry                  intentry     000000
__Lintret                    intret       000000
__Lintsave_regs              intsave_regs 000000
__Lirdata                    irdata       000000
__Lmediumconst               mediumconst  000000
__LnvCOMRAM                  nvCOMRAM     000000
__LnvFARRAM                  nvFARRAM     000000
__Lnvbit                     nvbit        000000
__Lnvrram                    nvrram       000000
__Lparam                     rparam       000000
__Lpowerup                   powerup      000000
__Lram                       ram          000000
__Lramtop                    ramtop       000800
__Lrbit                      rbit         000000
__Lrbss                      rbss         000000
__Lrdata                     rdata        000000
__Lreset_vec                 reset_vec    000000
__Lrparam                    rparam       000000
__Lsfr                       sfr          000000
__Lsmallconst                smallconst   000000
__Lspace_0                   (abs)        000000
__Lspace_1                   (abs)        000000
__Lspace_2                   (abs)        000000
__Lspace_4                   (abs)        000000
__Lstack                     stack        000000
__Lstruct                    struct       000000
__Ltemp                      temp         000000
__Ltext                      text         000000
__Ltext0                     text0        000000
__Ltext1                     text1        000000
__Ltext2                     text2        000000
__Ltext3                     text3        000000
__Ltext4                     text4        000000
__Ltext5                     text5        000000
__Ltext6                     text6        000000
__S0                         (abs)        008000
__S1                         (abs)        000016
__S4                         (abs)        000000
__S5                         (abs)        000000
___awdiv                     text3        007D52
___awdiv@counter             cstackCOMRAM 000005
___awdiv@dividend            cstackCOMRAM 000001
___awdiv@divisor             cstackCOMRAM 000003
___awdiv@quotient            cstackCOMRAM 000007
___awdiv@sign                cstackCOMRAM 000006
___awmod                     text2        007CA2
___awmod@counter             cstackCOMRAM 000005
___awmod@dividend            cstackCOMRAM 000001
___awmod@divisor             cstackCOMRAM 000003
___awmod@sign                cstackCOMRAM 000006
___heap_hi                   (abs)        000000
___heap_lo                   (abs)        000000
___inthi_sp                  stack        000000
___intlo_sp                  stack        000000
___param_bank                (abs)        000000
___rparam_used               (abs)        000001
___sp                        stack        000000
__accesstop                  (abs)        000060
__activetblptr               (abs)        000002
__end_of_Clear_Port          text6        007C64
__end_of_Decode_Display_AC   text4        007EF6
__end_of_Set_Port            text5        007C5A
__end_of_Show_Digits_Display text1        008000
__end_of___awdiv             text3        007E16
__end_of___awmod             text2        007D52
__end_of__initialization     cinit        007C98
__end_of_main                text0        007C80
__initialization             cinit        007C80
__mediumconst                mediumconst  000000
__pcinit                     cinit        007C80
__pcstackCOMRAM              cstackCOMRAM 000001
__pdataCOMRAM                dataCOMRAM   000014
__pidataCOMRAM               idataCOMRAM  007C50
__pnvCOMRAM                  nvCOMRAM     00000C
__ptext0                     text0        007C64
__ptext1                     text1        007EF6
__ptext2                     text2        007CA2
__ptext3                     text3        007D52
__ptext4                     text4        007E16
__ptext5                     text5        007C52
__ptext6                     text6        007C5A
__ramtop                     ramtop       000800
__smallconst                 smallconst   000000
_a                           dataCOMRAM   000014
_main                        text0        007C64
end_of_initialization        cinit        007C98
intlevel0                    text         000000
intlevel1                    text         000000
intlevel2                    text         000000
intlevel3                    text         000000
isa$std                      (abs)        000001
isa$xinst                    (abs)        000000
stackhi                      (abs)        000000
stacklo                      (abs)        000000
start                        init         000000
start_initialization         cinit        007C80


MODULE INFORMATION

Module		Function		Class		Link	Load	Size
ADC_Libreria_7SEG_AC.c
		_main          		CODE           	7C64	0000	28

ADC_Libreria_7SEG_AC.c estimated size: 28

C:\Program Files\Microchip\xc8\v2.40\pic\sources\c99\common\awdiv.c
		___awdiv       		CODE           	7D52	0000	196

C:\Program Files\Microchip\xc8\v2.40\pic\sources\c99\common\awdiv.c estimated size: 196

Libreria_DIsplay_7SEG_AC.c
		_Clear_Port    		CODE           	7C5A	0000	10
		_Set_Port      		CODE           	7C52	0000	8
		_Decode_Display_AC		CODE           	7E16	0000	224
		_Show_Digits_Display		CODE           	7EF6	0000	266

Libreria_DIsplay_7SEG_AC.c estimated size: 508

shared
		__initialization		CODE           	7C80	0000	24

shared estimated size: 24

C:\Program Files\Microchip\xc8\v2.40\pic\sources\c99\common\awmod.c
		___awmod       		CODE           	7CA2	0000	176

C:\Program Files\Microchip\xc8\v2.40\pic\sources\c99\common\awmod.c estimated size: 176

